A1 TC3 resname BGLC and resid 1 and name C1 H1 C2 H2
B1 SP1r resname BGLC and resid 1 and name C3 H3 O3 HO3 C4 H4 O4
C1 SP1r resname BGLC and resid 1 and name O5 C5 H5 C6 H61 H62 O6 HO6
D1 SP3d resname BGLC and resid 1 and name N HN C O CT HT1 HT2 HT3
@E1 A1 B1 C1
A2 TC3 resname BGLC and resid 2 and name C1 H1 C2 H2
B2 SP1r resname BGLC and resid 2 and name C3 H3 O3 HO3 C4 H4 O4 HO4
C2 SP1r resname BGLC and resid 2 and name O5 C5 H5 C6 H61 H62 O6 HO6
D2 SP3d resname BGLC and resid 2 and name N HN C O CT HT1 HT2 HT3
@E2 A2 B2 C2
A3 SN6 resname BMAN and resid 3 and name C1 H1 C2 H2 O2 HO2
B3 SP1r resname BMAN and resid 3 and name C3 H3 O3 C4 H4 O4 HO4
C3 SN6r resname BMAN and resid 3 and name O5 C5 H5 C6 H61 H62 O6
@D3 A3 B3 C3
A4 SN6 resname AMAN and resid 4 and name C1 H1 C2 H2 O2 HO2
B4 SP1r resname AMAN and resid 4 and name C3 H3 O3 C4 H4 O4 HO4
C4 SN6r resname AMAN and resid 4 and name O5 C5 H5 C6 H61 H62 O6
@D4 A4 B4 C4
A5 SN5 resname AMAN and resid 5 and name C1 H1 C2 H2 O2
B5 SP4r resname AMAN and resid 5 and name C3 H3 O3 HO3 C4 H4 O4 HO4
C5 SP1r resname AMAN and resid 5 and name O5 C5 H5 C6 H61 H62
@D5 A5 B5 C5
A6 SN6 resname AMAN and resid 6 and name C1 H1 C2 H2 O2 HO2
B6 SP4r resname AMAN and resid 6 and name C3 H3 O3 HO3 C4 H4 O4 HO4
C6 SP1r resname AMAN and resid 6 and name O5 C5 H5 C6 H61 H62 O6 HO6
@D6 A6 B6 C6
A7 SN5 resname AMAN and resid 7 and name C1 H1 C2 H2 O2
B7 SP4r resname AMAN and resid 7 and name C3 H3 O3 HO3 C4 H4 O4 HO4
C7 SP1r resname AMAN and resid 7 and name O5 C5 H5 C6 H61 H62 O6 HO6
@D7 A7 B7 C7
A8 SN6 resname AMAN and resid 8 and name C1 H1 C2 H2 O2 HO2
B8 SP4r resname AMAN and resid 8 and name C3 H3 O3 HO3 C4 H4 O4 HO4
C8 SP1r resname AMAN and resid 8 and name O5 C5 H5 C6 H61 H62 O6 HO6
@D8 A8 B8 C8
A9 SN5 resname AMAN and resid 9 and name C1 H1 C2 H2 O2
B9 SP4r resname AMAN and resid 9 and name C3 H3 O3 HO3 C4 H4 O4 HO4
C9 SP1r resname AMAN and resid 9 and name O5 C5 H5 C6 H61 H62 O6 HO6
@D9 A9 B9 C9
A10 SN5 resname AMAN and resid 10 and name C1 H1 C2 H2 O2
B10 SP4r resname AMAN and resid 10 and name C3 H3 O3 HO3 C4 H4 O4 HO4
C10 SP1r resname AMAN and resid 10 and name O5 C5 H5 C6 H61 H62 O6 HO6
@D10 A10 B10 C10
A11 SN6 resname AMAN and resid 11 and name C1 H1 C2 H2 O2 HO2
B11 SP4r resname AMAN and resid 11 and name C3 H3 O3 HO3 C4 H4 O4 HO4
C11 SP1r resname AMAN and resid 11 and name O5 C5 H5 C6 H61 H62 O6 HO6
@D11 A11 B11 C11
